32mI (302) spi_flash�ets Jun  8 2016 00:22:57

rst:0x1 (POWERON_RESET),boot:0x13 (SPI_FAST_FLASH_BOOT)
configsip: 0, SPIWP:0xee
clk_drv:0x00,q_drv:0x00,d_drv:0x00,cs0_drv:0x00,hd_drv:0x00,wp_drv:0x00
mode:DIO, clock div:2
load:0x3fff0030,len:7172
load:0x40078000,len:15556
load:0x40080400,len:4
ho 8 tail 4 room 4
load:0x40080404,len:3904
entry 0x40080640
[0;32mI (31) boot: ESP-IDF v5.3-dev-1724-ga5b261f699 2nd stage bootloader[0m
[0;32mI (31) boot: compile time Feb 21 2025 15:06:39[0m
[0;32mI (32) boot: Multicore bootloader[0m
[0;32mI (37) boot: chip revision: v1.0[0m
[0;32mI (40) boot.esp32: SPI Speed      : 40MHz[0m
[0;32mI (45) boot.esp32: SPI Mode       : DIO[0m
[0;32mI (50) boot.esp32: SPI Flash Size : 2MB[0m
[0;32mI (54) boot: Enabling RNG early entropy source...[0m
[0;32mI (60) boot: Partition Table:[0m
[0;32mI (63) boot: ## Label            Usage          Type ST Offset   Length[0m
[0;32mI (70) boot:  0 nvs              WiFi data        01 02 00009000 00006000[0m
[0;32mI (78) boot:  1 phy_init         RF data          01 01 0000f000 00001000[0m
[0;32mI (85) boot:  2 factory          factory app      00 00 00010000 00100000[0m
[0;32mI (93) boot: End of partition table[0m
[0;32mI (97) esp_image: segment 0: paddr=00010020 vaddr=3f400020 size=0a270h ( 41584) map[0m
[0;32mI (120) esp_image: segment 1: paddr=0001a298 vaddr=3ff80000 size=00004h (     4) load[0m
[0;32mI (120) esp_image: segment 2: paddr=0001a2a4 vaddr=3ffb0000 size=02268h (  8808) load[0m
[0;32mI (129) esp_image: segment 3: paddr=0001c514 vaddr=40080000 size=03b04h ( 15108) load[0m
[0;32mI (140) esp_image: segment 4: paddr=00020020 vaddr=400d0020 size=154b4h ( 87220) map[0m
[0;32mI (172) esp_image: segment 5: paddr=000354dc vaddr=40083b04 size=08ca0h ( 36000) load[0m
[0;32mI (193) boot: Loaded app from partition at offset 0x10000[0m
[0;32mI (193) boot: Disabling RNG early entropy source...[0m
[0;32mI (205) cpu_start: Multicore app[0m
[0;32mI (213) cpu_start: Pro cpu start user code[0m
[0;32mI (214) cpu_start: cpu freq: 160000000 Hz[0m
[0;32mI (214) cpu_start: Application information:[0m
[0;32mI (217) cpu_start: Project name:     esp-smart-home[0m
[0;32mI (222) cpu_start: App version:      1[0m
[0;32mI (227) cpu_start: Compile time:     Feb 21 2025 15:29:49[0m
[0;32mI (233) cpu_start: ELF file SHA256:  91ec34764...[0m
[0;32mI (238) cpu_start: ESP-IDF:          v5.3-dev-1724-ga5b261f699[0m
[0;32mI (245) cpu_start: Min chip rev:     v0.0[0m
[0;32mI (249) cpu_start: Max chip rev:     v3.99 [0m
[0;32mI (254) cpu_start: Chip rev:         v1.0[0m
[0;32mI (259) heap_init: Initializing. RAM available for dynamic allocation:[0m
[0;32mI (266) heap_init: At 3FFAE6E0 len 00001920 (6 KiB): DRAM[0m
[0;32mI (272) heap_init: At 3FFB2B50 len 0002D4B0 (181 KiB): DRAM[0m
[0;32mI (278) heap_init: At 3FFE0440 len 00003AE0 (14 KiB): D/IRAM[0m
[0;32mI (285) heap_init: At 3FFE4350 len 0001BCB0 (111 KiB): D/IRAM[0m
[0;32mI (291) heap_init: At 4008C7A4 len 0001385C (78 KiB): IRAM[0m
[0;32mI (299) spi_flash: detected chip: generic[0m
[0;32mI (302) spi_flash: flash io: dio[0m
[0;33mW (306) spi_flash: Detected size(4096k) larger than the size in the binary image header(2048k). Using the size in the binary image header.[0m
[0;32mI (320) main_task: Started on CPU0[0m
[0;32mI (330) main_task: Calling app_main()[0m
[0;32mI (330) main: Temperature: 2.0°C[0m
[0;32mI (330) main: Humidity:    0.0%[0m
[0;32mI (330) main: Lightness:   0.8%[0m
[0;31mE (1350) dht: Initialization error, problem in phase 'B'[0m
[0;33mW (1350) DHT: Could not read data from sensor[0m
[0;32mI (2330) main: Temperature: 2.0°C[0m
[0;32mI (2330) main: Humidity:    0.0%[0m
[0;32mI (2330) main: Lightness:   48.0%[0m
[0;32mI (4330) main: Temperature: 21.0°C[0m
[0;32mI (4330) main: Humidity:    46.0%[0m
[0;32mI (4330) main: Lightness:   48.0%[0m
[0;32mI (6330) main: Temperature: 21.0°C[0m
[0;32mI (6330) main: Humidity:    46.0%[0m
[0;32mI (6330) main: Lightness:   48.0%[0m
[0;32mI (8330) main: Temperature: 21.0°C[0m
[0;32mI (8330) main: Humidity:    46.0%[0m
[0;32mI (8330) main: Lightness:   48.0%[0m
[0;32mI (10330) main: Temperature: 21.0°C[0m
[0;32mI (10330) main: Humidity:    46.0%[0m
[0;32mI (10330) main: Lightness:   48.0%[0m
[0;32mI (12330) main: Temperature: 21.0°C[0m
[0;32mI (12330) main: Humidity:    46.0%[0m
[0;32mI (12330) main: Lightness:   48.0%[0m
[0;32mI (14330) main: Temperature: 21.0°C[0m
[0;32mI (14330) main: Humidity:    46.0%[0m
[0;32mI (14330) main: Lightness:   48.0%[0m
[0;32mI (16330) main: Temperature: 21.0°C[0m
[0;32mI (16330) main: Humidity:    46.0%[0m
[0;32mI (16330) main: Lightness:   48.0%[0m
[0;32mI (18330) main: Temperature: 21.0°C[0m
[0;32mI (18330) main: Humidity:    46.0%[0m
[0;32mI (18330) main: Lightness:   18.0%[0m
[0;32mI (20330) main: Temperature: 21.0°C[0m
[0;32mI (20330) main: Humidity:    46.0%[0m
[0;32mI (20330) main: Lightness:   15.0%[0m
[0;32mI (22330) main: Temperature: 21.0°C[0m
[0;32mI (22330) main: Humidity:    46.0%[0m
[0;32mI (22330) main: Lightness:   49.0%[0m
[0;32mI (24330) main: Temperature: 21.0°C[0m
[0;32mI (24330) main: Humidity:    46.0%[0m
[0;32mI (24330) main: Lightness:   49.0%[0m
[0;32mI (26330) main: Temperature: 21.0°C[0m
[0;32mI (26330) main: Humidity:    46.0%[0m
[0;32mI (26330) main: Lightness:   48.0%[0m
[0;32mI (28330) main: Temperature: 21.0°C[0m
[0;32mI (28330) main: Humidity:    46.0%[0m
[0;32mI (28330) main: Lightness:   99.0%[0m
[0;32mI (30330) main: Temperature: 21.0°C[0m
[0;32mI (30330) main: Humidity:    46.0%[0m
[0;32mI (30330) main: Lightness:   48.0%[0m
[0;32mI (32330) main: Temperature: 21.0°C[0m
[0;32mI (32330) main: Humidity:    46.0%[0m
[0;32mI (32330) main: Lightness:   37.0%[0m
[0;32mI (34330) main: Temperature: 21.0°C[0m
[0;32mI (34330) main: Humidity:    46.0%[0m
[0;32mI (34330) main: Lightness:   99.0%[0m
[0;32mI (36330) main: Temperature: 21.0°C[0m
[0;32mI (36330) main: Humidity:    46.0%[0m
[0;32mI (36330) main: Lightness:   99.0%[0m
[0;32mI (38330) main: Temperature: 21.0°C[0m
[0;32mI (38330) main: Humidity:    46.0%[0m
[0;32mI (38330) main: Lightness:   47.0%[0m
[0;32mI (40330) main: Temperature: 21.0°C[0m
[0;32mI (40330) main: Humidity:    47.0%[0m
[0;32mI (40330) main: Lightness:   49.0%[0m
[0;32mI (42330) main: Temperature: 21.0°C[0m
[0;32mI (42330) main: Humidity:    47.0%[0m
[0;32mI (42330) main: Lightness:   78.0%[0m
[0;32mI (44330) main: Temperature: 21.0°C[0m
[0;32mI (44330) main: Humidity:    48.0%[0m
[0;32mI (44330) main: Lightness:   79.0%[0m
[0;32mI (46330) main: Temperature: 22.0°C[0m
[0;32mI (46330) main: Humidity:    73.0%[0m
[0;32mI (46330) main: Lightness:   79.0%[0m
[0;32mI (48330) main: Temperature: 23.0°C[0m
[0;32mI (48330) main: Humidity:    98.0%[0m
[0;32mI (48330) main: Lightness:   79.0%[0m
[0;32mI (50330) main: Temperature: 24.0°C[0m
[0;32mI (50330) main: Humidity:    98.0%[0m
[0;32mI (50330) main: Lightness:   41.0%[0m
[0;32mI (52330) main: Temperature: 26.0°C[0m
[0;32mI (52330) main: Humidity:    98.0%[0m
[0;32mI (52330) main: Lightness:   45.0%[0m
